TAP version 13
# node:internal/modules/esm/get_format:219
#   throw new ERR_UNKNOWN_FILE_EXTENSION(ext, filepath);
#         ^
# TypeError [ERR_UNKNOWN_FILE_EXTENSION]: Unknown file extension ".ts" for /home/user/Dev/PyPeTTa1/PeTTa/ai-tmp/wt-merge/extensions/node/test/algebra.test.ts
#     at Object.getFileProtocolModuleFormat [as file:] (node:internal/modules/esm/get_format:219:9)
#     at defaultGetFormat (node:internal/modules/esm/get_format:245:36)
#     at defaultLoad (node:internal/modules/esm/load:98:16)
#     at ModuleLoader.load (node:internal/modules/esm/loader:815:12)
#     at ModuleLoader.loadAndTranslate (node:internal/modules/esm/loader:594:31)
#     at \#createModuleJob (node:internal/modules/esm/loader:624:36)
#     at \#getJobFromResolveResult (node:internal/modules/esm/loader:343:34)
#     at ModuleLoader.getModuleJobForImport (node:internal/modules/esm/loader:311:41)
#     at async onImport.tracePromise.__proto__ (node:internal/modules/esm/loader:664:25) {
#   code: 'ERR_UNKNOWN_FILE_EXTENSION'
# }
# Node.js v22.22.1
# Subtest: test/algebra.test.ts
not ok 1 - test/algebra.test.ts
  ---
  duration_ms: 97.39391
  type: 'test'
  location: '/home/user/Dev/PyPeTTa1/PeTTa/ai-tmp/wt-merge/extensions/node/test/algebra.test.ts:1:1'
  failureType: 'testCodeFailure'
  exitCode: 1
  signal: ~
  error: 'test failed'
  code: 'ERR_TEST_FAILURE'
  ...
# node:internal/modules/esm/get_format:219
#   throw new ERR_UNKNOWN_FILE_EXTENSION(ext, filepath);
#         ^
# TypeError [ERR_UNKNOWN_FILE_EXTENSION]: Unknown file extension ".ts" for /home/user/Dev/PyPeTTa1/PeTTa/ai-tmp/wt-merge/extensions/node/test/ambient.test.ts
#     at Object.getFileProtocolModuleFormat [as file:] (node:internal/modules/esm/get_format:219:9)
#     at defaultGetFormat (node:internal/modules/esm/get_format:245:36)
#     at defaultLoad (node:internal/modules/esm/load:98:16)
#     at ModuleLoader.load (node:internal/modules/esm/loader:815:12)
#     at ModuleLoader.loadAndTranslate (node:internal/modules/esm/loader:594:31)
#     at \#createModuleJob (node:internal/modules/esm/loader:624:36)
#     at \#getJobFromResolveResult (node:internal/modules/esm/loader:343:34)
#     at ModuleLoader.getModuleJobForImport (node:internal/modules/esm/loader:311:41)
#     at async onImport.tracePromise.__proto__ (node:internal/modules/esm/loader:664:25) {
#   code: 'ERR_UNKNOWN_FILE_EXTENSION'
# }
# Node.js v22.22.1
# Subtest: test/ambient.test.ts
not ok 2 - test/ambient.test.ts
  ---
  duration_ms: 101.619718
  type: 'test'
  location: '/home/user/Dev/PyPeTTa1/PeTTa/ai-tmp/wt-merge/extensions/node/test/ambient.test.ts:1:1'
  failureType: 'testCodeFailure'
  exitCode: 1
  signal: ~
  error: 'test failed'
  code: 'ERR_TEST_FAILURE'
  ...
# node:internal/modules/esm/get_format:219
#   throw new ERR_UNKNOWN_FILE_EXTENSION(ext, filepath);
#         ^
# TypeError [ERR_UNKNOWN_FILE_EXTENSION]: Unknown file extension ".ts" for /home/user/Dev/PyPeTTa1/PeTTa/ai-tmp/wt-merge/extensions/node/test/atom.test.ts
#     at Object.getFileProtocolModuleFormat [as file:] (node:internal/modules/esm/get_format:219:9)
#     at defaultGetFormat (node:internal/modules/esm/get_format:245:36)
#     at defaultLoad (node:internal/modules/esm/load:98:16)
#     at ModuleLoader.load (node:internal/modules/esm/loader:815:12)
#     at ModuleLoader.loadAndTranslate (node:internal/modules/esm/loader:594:31)
#     at \#createModuleJob (node:internal/modules/esm/loader:624:36)
#     at \#getJobFromResolveResult (node:internal/modules/esm/loader:343:34)
#     at ModuleLoader.getModuleJobForImport (node:internal/modules/esm/loader:311:41)
#     at async onImport.tracePromise.__proto__ (node:internal/modules/esm/loader:664:25) {
#   code: 'ERR_UNKNOWN_FILE_EXTENSION'
# }
# Node.js v22.22.1
# Subtest: test/atom.test.ts
not ok 3 - test/atom.test.ts
  ---
  duration_ms: 106.864293
  type: 'test'
  location: '/home/user/Dev/PyPeTTa1/PeTTa/ai-tmp/wt-merge/extensions/node/test/atom.test.ts:1:1'
  failureType: 'testCodeFailure'
  exitCode: 1
  signal: ~
  error: 'test failed'
  code: 'ERR_TEST_FAILURE'
  ...
# node:internal/modules/esm/get_format:219
#   throw new ERR_UNKNOWN_FILE_EXTENSION(ext, filepath);
#         ^
# TypeError [ERR_UNKNOWN_FILE_EXTENSION]: Unknown file extension ".ts" for /home/user/Dev/PyPeTTa1/PeTTa/ai-tmp/wt-merge/extensions/node/test/benchmarks.test.ts
#     at Object.getFileProtocolModuleFormat [as file:] (node:internal/modules/esm/get_format:219:9)
#     at defaultGetFormat (node:internal/modules/esm/get_format:245:36)
#     at defaultLoad (node:internal/modules/esm/load:98:16)
#     at ModuleLoader.load (node:internal/modules/esm/loader:815:12)
#     at ModuleLoader.loadAndTranslate (node:internal/modules/esm/loader:594:31)
#     at \#createModuleJob (node:internal/modules/esm/loader:624:36)
#     at \#getJobFromResolveResult (node:internal/modules/esm/loader:343:34)
#     at ModuleLoader.getModuleJobForImport (node:internal/modules/esm/loader:311:41)
#     at async onImport.tracePromise.__proto__ (node:internal/modules/esm/loader:664:25) {
#   code: 'ERR_UNKNOWN_FILE_EXTENSION'
# }
# Node.js v22.22.1
# Subtest: test/benchmarks.test.ts
not ok 4 - test/benchmarks.test.ts
  ---
  duration_ms: 109.902244
  type: 'test'
  location: '/home/user/Dev/PyPeTTa1/PeTTa/ai-tmp/wt-merge/extensions/node/test/benchmarks.test.ts:1:1'
  failureType: 'testCodeFailure'
  exitCode: 1
  signal: ~
  error: 'test failed'
  code: 'ERR_TEST_FAILURE'
  ...
# node:internal/modules/esm/get_format:219
#   throw new ERR_UNKNOWN_FILE_EXTENSION(ext, filepath);
#         ^
# TypeError [ERR_UNKNOWN_FILE_EXTENSION]: Unknown file extension ".ts" for /home/user/Dev/PyPeTTa1/PeTTa/ai-tmp/wt-merge/extensions/node/test/binding.test.ts
#     at Object.getFileProtocolModuleFormat [as file:] (node:internal/modules/esm/get_format:219:9)
#     at defaultGetFormat (node:internal/modules/esm/get_format:245:36)
#     at defaultLoad (node:internal/modules/esm/load:98:16)
#     at ModuleLoader.load (node:internal/modules/esm/loader:815:12)
#     at ModuleLoader.loadAndTranslate (node:internal/modules/esm/loader:594:31)
#     at \#createModuleJob (node:internal/modules/esm/loader:624:36)
#     at \#getJobFromResolveResult (node:internal/modules/esm/loader:343:34)
#     at ModuleLoader.getModuleJobForImport (node:internal/modules/esm/loader:311:41)
#     at async onImport.tracePromise.__proto__ (node:internal/modules/esm/loader:664:25) {
#   code: 'ERR_UNKNOWN_FILE_EXTENSION'
# }
# Node.js v22.22.1
# Subtest: test/binding.test.ts
not ok 5 - test/binding.test.ts
  ---
  duration_ms: 126.503858
  type: 'test'
  location: '/home/user/Dev/PyPeTTa1/PeTTa/ai-tmp/wt-merge/extensions/node/test/binding.test.ts:1:1'
  failureType: 'testCodeFailure'
  exitCode: 1
  signal: ~
  error: 'test failed'
  code: 'ERR_TEST_FAILURE'
  ...
# node:internal/modules/esm/get_format:219
#   throw new ERR_UNKNOWN_FILE_EXTENSION(ext, filepath);
#         ^
# TypeError [ERR_UNKNOWN_FILE_EXTENSION]: Unknown file extension ".ts" for /home/user/Dev/PyPeTTa1/PeTTa/ai-tmp/wt-merge/extensions/node/test/cli.test.ts
#     at Object.getFileProtocolModuleFormat [as file:] (node:internal/modules/esm/get_format:219:9)
#     at defaultGetFormat (node:internal/modules/esm/get_format:245:36)
#     at defaultLoad (node:internal/modules/esm/load:98:16)
#     at ModuleLoader.load (node:internal/modules/esm/loader:815:12)
#     at ModuleLoader.loadAndTranslate (node:internal/modules/esm/loader:594:31)
#     at \#createModuleJob (node:internal/modules/esm/loader:624:36)
#     at \#getJobFromResolveResult (node:internal/modules/esm/loader:343:34)
#     at ModuleLoader.getModuleJobForImport (node:internal/modules/esm/loader:311:41)
#     at async onImport.tracePromise.__proto__ (node:internal/modules/esm/loader:664:25) {
#   code: 'ERR_UNKNOWN_FILE_EXTENSION'
# }
# Node.js v22.22.1
# Subtest: test/cli.test.ts
not ok 6 - test/cli.test.ts
  ---
  duration_ms: 133.480999
  type: 'test'
  location: '/home/user/Dev/PyPeTTa1/PeTTa/ai-tmp/wt-merge/extensions/node/test/cli.test.ts:1:1'
  failureType: 'testCodeFailure'
  exitCode: 1
  signal: ~
  error: 'test failed'
  code: 'ERR_TEST_FAILURE'
  ...
# node:internal/modules/esm/get_format:219
#   throw new ERR_UNKNOWN_FILE_EXTENSION(ext, filepath);
#         ^
# TypeError [ERR_UNKNOWN_FILE_EXTENSION]: Unknown file extension ".ts" for /home/user/Dev/PyPeTTa1/PeTTa/ai-tmp/wt-merge/extensions/node/test/conventions.test.ts
#     at Object.getFileProtocolModuleFormat [as file:] (node:internal/modules/esm/get_format:219:9)
#     at defaultGetFormat (node:internal/modules/esm/get_format:245:36)
#     at defaultLoad (node:internal/modules/esm/load:98:16)
#     at ModuleLoader.load (node:internal/modules/esm/loader:815:12)
#     at ModuleLoader.loadAndTranslate (node:internal/modules/esm/loader:594:31)
#     at \#createModuleJob (node:internal/modules/esm/loader:624:36)
#     at \#getJobFromResolveResult (node:internal/modules/esm/loader:343:34)
#     at ModuleLoader.getModuleJobForImport (node:internal/modules/esm/loader:311:41)
#     at async onImport.tracePromise.__proto__ (node:internal/modules/esm/loader:664:25) {
#   code: 'ERR_UNKNOWN_FILE_EXTENSION'
# }
# Node.js v22.22.1
# Subtest: test/conventions.test.ts
not ok 7 - test/conventions.test.ts
  ---
  duration_ms: 108.683067
  type: 'test'
  location: '/home/user/Dev/PyPeTTa1/PeTTa/ai-tmp/wt-merge/extensions/node/test/conventions.test.ts:1:1'
  failureType: 'testCodeFailure'
  exitCode: 1
  signal: ~
  error: 'test failed'
  code: 'ERR_TEST_FAILURE'
  ...
# node:internal/modules/esm/get_format:219
#   throw new ERR_UNKNOWN_FILE_EXTENSION(ext, filepath);
#         ^
# TypeError [ERR_UNKNOWN_FILE_EXTENSION]: Unknown file extension ".ts" for /home/user/Dev/PyPeTTa1/PeTTa/ai-tmp/wt-merge/extensions/node/test/coverage-gaps.test.ts
#     at Object.getFileProtocolModuleFormat [as file:] (node:internal/modules/esm/get_format:219:9)
#     at defaultGetFormat (node:internal/modules/esm/get_format:245:36)
#     at defaultLoad (node:internal/modules/esm/load:98:16)
#     at ModuleLoader.load (node:internal/modules/esm/loader:815:12)
#     at ModuleLoader.loadAndTranslate (node:internal/modules/esm/loader:594:31)
#     at \#createModuleJob (node:internal/modules/esm/loader:624:36)
#     at \#getJobFromResolveResult (node:internal/modules/esm/loader:343:34)
#     at ModuleLoader.getModuleJobForImport (node:internal/modules/esm/loader:311:41)
#     at async onImport.tracePromise.__proto__ (node:internal/modules/esm/loader:664:25) {
#   code: 'ERR_UNKNOWN_FILE_EXTENSION'
# }
# Node.js v22.22.1
# Subtest: test/coverage-gaps.test.ts
not ok 8 - test/coverage-gaps.test.ts
  ---
  duration_ms: 148.033898
  type: 'test'
  location: '/home/user/Dev/PyPeTTa1/PeTTa/ai-tmp/wt-merge/extensions/node/test/coverage-gaps.test.ts:1:1'
  failureType: 'testCodeFailure'
  exitCode: 1
  signal: ~
  error: 'test failed'
  code: 'ERR_TEST_FAILURE'
  ...
# node:internal/modules/esm/get_format:219
#   throw new ERR_UNKNOWN_FILE_EXTENSION(ext, filepath);
#         ^
# TypeError [ERR_UNKNOWN_FILE_EXTENSION]: Unknown file extension ".ts" for /home/user/Dev/PyPeTTa1/PeTTa/ai-tmp/wt-merge/extensions/node/test/coverage.test.ts
#     at Object.getFileProtocolModuleFormat [as file:] (node:internal/modules/esm/get_format:219:9)
#     at defaultGetFormat (node:internal/modules/esm/get_format:245:36)
#     at defaultLoad (node:internal/modules/esm/load:98:16)
#     at ModuleLoader.load (node:internal/modules/esm/loader:815:12)
#     at ModuleLoader.loadAndTranslate (node:internal/modules/esm/loader:594:31)
#     at \#createModuleJob (node:internal/modules/esm/loader:624:36)
#     at \#getJobFromResolveResult (node:internal/modules/esm/loader:343:34)
#     at ModuleLoader.getModuleJobForImport (node:internal/modules/esm/loader:311:41)
#     at async onImport.tracePromise.__proto__ (node:internal/modules/esm/loader:664:25) {
#   code: 'ERR_UNKNOWN_FILE_EXTENSION'
# }
# Node.js v22.22.1
# Subtest: test/coverage.test.ts
not ok 9 - test/coverage.test.ts
  ---
  duration_ms: 151.909778
  type: 'test'
  location: '/home/user/Dev/PyPeTTa1/PeTTa/ai-tmp/wt-merge/extensions/node/test/coverage.test.ts:1:1'
  failureType: 'testCodeFailure'
  exitCode: 1
  signal: ~
  error: 'test failed'
  code: 'ERR_TEST_FAILURE'
  ...
# node:internal/modules/esm/get_format:219
#   throw new ERR_UNKNOWN_FILE_EXTENSION(ext, filepath);
#         ^
# TypeError [ERR_UNKNOWN_FILE_EXTENSION]: Unknown file extension ".ts" for /home/user/Dev/PyPeTTa1/PeTTa/ai-tmp/wt-merge/extensions/node/test/define.test.ts
#     at Object.getFileProtocolModuleFormat [as file:] (node:internal/modules/esm/get_format:219:9)
#     at defaultGetFormat (node:internal/modules/esm/get_format:245:36)
#     at defaultLoad (node:internal/modules/esm/load:98:16)
#     at ModuleLoader.load (node:internal/modules/esm/loader:815:12)
#     at ModuleLoader.loadAndTranslate (node:internal/modules/esm/loader:594:31)
#     at \#createModuleJob (node:internal/modules/esm/loader:624:36)
#     at \#getJobFromResolveResult (node:internal/modules/esm/loader:343:34)
#     at ModuleLoader.getModuleJobForImport (node:internal/modules/esm/loader:311:41)
#     at async onImport.tracePromise.__proto__ (node:internal/modules/esm/loader:664:25) {
#   code: 'ERR_UNKNOWN_FILE_EXTENSION'
# }
# Node.js v22.22.1
# Subtest: test/define.test.ts
not ok 10 - test/define.test.ts
  ---
  duration_ms: 147.64367
  type: 'test'
  location: '/home/user/Dev/PyPeTTa1/PeTTa/ai-tmp/wt-merge/extensions/node/test/define.test.ts:1:1'
  failureType: 'testCodeFailure'
  exitCode: 1
  signal: ~
  error: 'test failed'
  code: 'ERR_TEST_FAILURE'
  ...
# node:internal/modules/esm/get_format:219
#   throw new ERR_UNKNOWN_FILE_EXTENSION(ext, filepath);
#         ^
# TypeError [ERR_UNKNOWN_FILE_EXTENSION]: Unknown file extension ".ts" for /home/user/Dev/PyPeTTa1/PeTTa/ai-tmp/wt-merge/extensions/node/test/depth-parity.test.ts
#     at Object.getFileProtocolModuleFormat [as file:] (node:internal/modules/esm/get_format:219:9)
#     at defaultGetFormat (node:internal/modules/esm/get_format:245:36)
#     at defaultLoad (node:internal/modules/esm/load:98:16)
#     at ModuleLoader.load (node:internal/modules/esm/loader:815:12)
#     at ModuleLoader.loadAndTranslate (node:internal/modules/esm/loader:594:31)
#     at \#createModuleJob (node:internal/modules/esm/loader:624:36)
#     at \#getJobFromResolveResult (node:internal/modules/esm/loader:343:34)
#     at ModuleLoader.getModuleJobForImport (node:internal/modules/esm/loader:311:41)
#     at async onImport.tracePromise.__proto__ (node:internal/modules/esm/loader:664:25) {
#   code: 'ERR_UNKNOWN_FILE_EXTENSION'
# }
# Node.js v22.22.1
# Subtest: test/depth-parity.test.ts
not ok 11 - test/depth-parity.test.ts
  ---
  duration_ms: 152.571136
  type: 'test'
  location: '/home/user/Dev/PyPeTTa1/PeTTa/ai-tmp/wt-merge/extensions/node/test/depth-parity.test.ts:1:1'
  failureType: 'testCodeFailure'
  exitCode: 1
  signal: ~
  error: 'test failed'
  code: 'ERR_TEST_FAILURE'
  ...
# node:internal/modules/esm/get_format:219
#   throw new ERR_UNKNOWN_FILE_EXTENSION(ext, filepath);
#         ^
# TypeError [ERR_UNKNOWN_FILE_EXTENSION]: Unknown file extension ".ts" for /home/user/Dev/PyPeTTa1/PeTTa/ai-tmp/wt-merge/extensions/node/test/depth.test.ts
#     at Object.getFileProtocolModuleFormat [as file:] (node:internal/modules/esm/get_format:219:9)
#     at defaultGetFormat (node:internal/modules/esm/get_format:245:36)
#     at defaultLoad (node:internal/modules/esm/load:98:16)
#     at ModuleLoader.load (node:internal/modules/esm/loader:815:12)
#     at ModuleLoader.loadAndTranslate (node:internal/modules/esm/loader:594:31)
#     at \#createModuleJob (node:internal/modules/esm/loader:624:36)
#     at \#getJobFromResolveResult (node:internal/modules/esm/loader:343:34)
#     at ModuleLoader.getModuleJobForImport (node:internal/modules/esm/loader:311:41)
#     at async onImport.tracePromise.__proto__ (node:internal/modules/esm/loader:664:25) {
#   code: 'ERR_UNKNOWN_FILE_EXTENSION'
# }
# Node.js v22.22.1
# Subtest: test/depth.test.ts
not ok 12 - test/depth.test.ts
  ---
  duration_ms: 144.543518
  type: 'test'
  location: '/home/user/Dev/PyPeTTa1/PeTTa/ai-tmp/wt-merge/extensions/node/test/depth.test.ts:1:1'
  failureType: 'testCodeFailure'
  exitCode: 1
  signal: ~
  error: 'test failed'
  code: 'ERR_TEST_FAILURE'
  ...
# node:internal/modules/esm/get_format:219
#   throw new ERR_UNKNOWN_FILE_EXTENSION(ext, filepath);
#         ^
# TypeError [ERR_UNKNOWN_FILE_EXTENSION]: Unknown file extension ".ts" for /home/user/Dev/PyPeTTa1/PeTTa/ai-tmp/wt-merge/extensions/node/test/engine.test.ts
#     at Object.getFileProtocolModuleFormat [as file:] (node:internal/modules/esm/get_format:219:9)
#     at defaultGetFormat (node:internal/modules/esm/get_format:245:36)
#     at defaultLoad (node:internal/modules/esm/load:98:16)
#     at ModuleLoader.load (node:internal/modules/esm/loader:815:12)
#     at ModuleLoader.loadAndTranslate (node:internal/modules/esm/loader:594:31)
#     at \#createModuleJob (node:internal/modules/esm/loader:624:36)
#     at \#getJobFromResolveResult (node:internal/modules/esm/loader:343:34)
#     at ModuleLoader.getModuleJobForImport (node:internal/modules/esm/loader:311:41)
#     at async onImport.tracePromise.__proto__ (node:internal/modules/esm/loader:664:25) {
#   code: 'ERR_UNKNOWN_FILE_EXTENSION'
# }
# Node.js v22.22.1
# Subtest: test/engine.test.ts
not ok 13 - test/engine.test.ts
  ---
  duration_ms: 150.99316
  type: 'test'
  location: '/home/user/Dev/PyPeTTa1/PeTTa/ai-tmp/wt-merge/extensions/node/test/engine.test.ts:1:1'
  failureType: 'testCodeFailure'
  exitCode: 1
  signal: ~
  error: 'test failed'
  code: 'ERR_TEST_FAILURE'
  ...
# node:internal/modules/esm/get_format:219
#   throw new ERR_UNKNOWN_FILE_EXTENSION(ext, filepath);
#         ^
# TypeError [ERR_UNKNOWN_FILE_EXTENSION]: Unknown file extension ".ts" for /home/user/Dev/PyPeTTa1/PeTTa/ai-tmp/wt-merge/extensions/node/test/ergonomics.test.ts
#     at Object.getFileProtocolModuleFormat [as file:] (node:internal/modules/esm/get_format:219:9)
#     at defaultGetFormat (node:internal/modules/esm/get_format:245:36)
#     at defaultLoad (node:internal/modules/esm/load:98:16)
#     at ModuleLoader.load (node:internal/modules/esm/loader:815:12)
#     at ModuleLoader.loadAndTranslate (node:internal/modules/esm/loader:594:31)
#     at \#createModuleJob (node:internal/modules/esm/loader:624:36)
#     at \#getJobFromResolveResult (node:internal/modules/esm/loader:343:34)
#     at ModuleLoader.getModuleJobForImport (node:internal/modules/esm/loader:311:41)
#     at async onImport.tracePromise.__proto__ (node:internal/modules/esm/loader:664:25) {
#   code: 'ERR_UNKNOWN_FILE_EXTENSION'
# }
# Node.js v22.22.1
# Subtest: test/ergonomics.test.ts
not ok 14 - test/ergonomics.test.ts
  ---
  duration_ms: 132.548561
  type: 'test'
  location: '/home/user/Dev/PyPeTTa1/PeTTa/ai-tmp/wt-merge/extensions/node/test/ergonomics.test.ts:1:1'
  failureType: 'testCodeFailure'
  exitCode: 1
  signal: ~
  error: 'test failed'
  code: 'ERR_TEST_FAILURE'
  ...
# node:internal/modules/esm/get_format:219
#   throw new ERR_UNKNOWN_FILE_EXTENSION(ext, filepath);
#         ^
# TypeError [ERR_UNKNOWN_FILE_EXTENSION]: Unknown file extension ".ts" for /home/user/Dev/PyPeTTa1/PeTTa/ai-tmp/wt-merge/extensions/node/test/errors.test.ts
#     at Object.getFileProtocolModuleFormat [as file:] (node:internal/modules/esm/get_format:219:9)
#     at defaultGetFormat (node:internal/modules/esm/get_format:245:36)
#     at defaultLoad (node:internal/modules/esm/load:98:16)
#     at ModuleLoader.load (node:internal/modules/esm/loader:815:12)
#     at ModuleLoader.loadAndTranslate (node:internal/modules/esm/loader:594:31)
#     at \#createModuleJob (node:internal/modules/esm/loader:624:36)
#     at \#getJobFromResolveResult (node:internal/modules/esm/loader:343:34)
#     at ModuleLoader.getModuleJobForImport (node:internal/modules/esm/loader:311:41)
#     at async onImport.tracePromise.__proto__ (node:internal/modules/esm/loader:664:25) {
#   code: 'ERR_UNKNOWN_FILE_EXTENSION'
# }
# Node.js v22.22.1
# Subtest: test/errors.test.ts
not ok 15 - test/errors.test.ts
  ---
  duration_ms: 130.058349
  type: 'test'
  location: '/home/user/Dev/PyPeTTa1/PeTTa/ai-tmp/wt-merge/extensions/node/test/errors.test.ts:1:1'
  failureType: 'testCodeFailure'
  exitCode: 1
  signal: ~
  error: 'test failed'
  code: 'ERR_TEST_FAILURE'
  ...
# node:internal/modules/esm/get_format:219
#   throw new ERR_UNKNOWN_FILE_EXTENSION(ext, filepath);
#         ^
# TypeError [ERR_UNKNOWN_FILE_EXTENSION]: Unknown file extension ".ts" for /home/user/Dev/PyPeTTa1/PeTTa/ai-tmp/wt-merge/extensions/node/test/events.test.ts
#     at Object.getFileProtocolModuleFormat [as file:] (node:internal/modules/esm/get_format:219:9)
#     at defaultGetFormat (node:internal/modules/esm/get_format:245:36)
#     at defaultLoad (node:internal/modules/esm/load:98:16)
#     at ModuleLoader.load (node:internal/modules/esm/loader:815:12)
#     at ModuleLoader.loadAndTranslate (node:internal/modules/esm/loader:594:31)
#     at \#createModuleJob (node:internal/modules/esm/loader:624:36)
#     at \#getJobFromResolveResult (node:internal/modules/esm/loader:343:34)
#     at ModuleLoader.getModuleJobForImport (node:internal/modules/esm/loader:311:41)
#     at async onImport.tracePromise.__proto__ (node:internal/modules/esm/loader:664:25) {
#   code: 'ERR_UNKNOWN_FILE_EXTENSION'
# }
# Node.js v22.22.1
# Subtest: test/events.test.ts
not ok 16 - test/events.test.ts
  ---
  duration_ms: 126.540909
  type: 'test'
  location: '/home/user/Dev/PyPeTTa1/PeTTa/ai-tmp/wt-merge/extensions/node/test/events.test.ts:1:1'
  failureType: 'testCodeFailure'
  exitCode: 1
  signal: ~
  error: 'test failed'
  code: 'ERR_TEST_FAILURE'
  ...
# node:internal/modules/esm/get_format:219
#   throw new ERR_UNKNOWN_FILE_EXTENSION(ext, filepath);
#         ^
# TypeError [ERR_UNKNOWN_FILE_EXTENSION]: Unknown file extension ".ts" for /home/user/Dev/PyPeTTa1/PeTTa/ai-tmp/wt-merge/extensions/node/test/extras.test.ts
#     at Object.getFileProtocolModuleFormat [as file:] (node:internal/modules/esm/get_format:219:9)
#     at defaultGetFormat (node:internal/modules/esm/get_format:245:36)
#     at defaultLoad (node:internal/modules/esm/load:98:16)
#     at ModuleLoader.load (node:internal/modules/esm/loader:815:12)
#     at ModuleLoader.loadAndTranslate (node:internal/modules/esm/loader:594:31)
#     at \#createModuleJob (node:internal/modules/esm/loader:624:36)
#     at \#getJobFromResolveResult (node:internal/modules/esm/loader:343:34)
#     at ModuleLoader.getModuleJobForImport (node:internal/modules/esm/loader:311:41)
#     at async onImport.tracePromise.__proto__ (node:internal/modules/esm/loader:664:25) {
#   code: 'ERR_UNKNOWN_FILE_EXTENSION'
# }
# Node.js v22.22.1
# Subtest: test/extras.test.ts
not ok 17 - test/extras.test.ts
  ---
  duration_ms: 125.258372
  type: 'test'
  location: '/home/user/Dev/PyPeTTa1/PeTTa/ai-tmp/wt-merge/extensions/node/test/extras.test.ts:1:1'
  failureType: 'testCodeFailure'
  exitCode: 1
  signal: ~
  error: 'test failed'
  code: 'ERR_TEST_FAILURE'
  ...
# node:internal/modules/esm/get_format:219
#   throw new ERR_UNKNOWN_FILE_EXTENSION(ext, filepath);
#         ^
# TypeError [ERR_UNKNOWN_FILE_EXTENSION]: Unknown file extension ".ts" for /home/user/Dev/PyPeTTa1/PeTTa/ai-tmp/wt-merge/extensions/node/test/gallery.test.ts
#     at Object.getFileProtocolModuleFormat [as file:] (node:internal/modules/esm/get_format:219:9)
#     at defaultGetFormat (node:internal/modules/esm/get_format:245:36)
#     at defaultLoad (node:internal/modules/esm/load:98:16)
#     at ModuleLoader.load (node:internal/modules/esm/loader:815:12)
#     at ModuleLoader.loadAndTranslate (node:internal/modules/esm/loader:594:31)
#     at \#createModuleJob (node:internal/modules/esm/loader:624:36)
#     at \#getJobFromResolveResult (node:internal/modules/esm/loader:343:34)
#     at ModuleLoader.getModuleJobForImport (node:internal/modules/esm/loader:311:41)
#     at async onImport.tracePromise.__proto__ (node:internal/modules/esm/loader:664:25) {
#   code: 'ERR_UNKNOWN_FILE_EXTENSION'
# }
# Node.js v22.22.1
# Subtest: test/gallery.test.ts
not ok 18 - test/gallery.test.ts
  ---
  duration_ms: 122.33552
  type: 'test'
  location: '/home/user/Dev/PyPeTTa1/PeTTa/ai-tmp/wt-merge/extensions/node/test/gallery.test.ts:1:1'
  failureType: 'testCodeFailure'
  exitCode: 1
  signal: ~
  error: 'test failed'
  code: 'ERR_TEST_FAILURE'
  ...
# node:internal/modules/esm/get_format:219
#   throw new ERR_UNKNOWN_FILE_EXTENSION(ext, filepath);
#         ^
# TypeError [ERR_UNKNOWN_FILE_EXTENSION]: Unknown file extension ".ts" for /home/user/Dev/PyPeTTa1/PeTTa/ai-tmp/wt-merge/extensions/node/test/lifecycle.test.ts
#     at Object.getFileProtocolModuleFormat [as file:] (node:internal/modules/esm/get_format:219:9)
#     at defaultGetFormat (node:internal/modules/esm/get_format:245:36)
#     at defaultLoad (node:internal/modules/esm/load:98:16)
#     at ModuleLoader.load (node:internal/modules/esm/loader:815:12)
#     at ModuleLoader.loadAndTranslate (node:internal/modules/esm/loader:594:31)
#     at \#createModuleJob (node:internal/modules/esm/loader:624:36)
#     at \#getJobFromResolveResult (node:internal/modules/esm/loader:343:34)
#     at ModuleLoader.getModuleJobForImport (node:internal/modules/esm/loader:311:41)
#     at async onImport.tracePromise.__proto__ (node:internal/modules/esm/loader:664:25) {
#   code: 'ERR_UNKNOWN_FILE_EXTENSION'
# }
# Node.js v22.22.1
# Subtest: test/lifecycle.test.ts
not ok 19 - test/lifecycle.test.ts
  ---
  duration_ms: 120.930254
  type: 'test'
  location: '/home/user/Dev/PyPeTTa1/PeTTa/ai-tmp/wt-merge/extensions/node/test/lifecycle.test.ts:1:1'
  failureType: 'testCodeFailure'
  exitCode: 1
  signal: ~
  error: 'test failed'
  code: 'ERR_TEST_FAILURE'
  ...
# node:internal/modules/esm/get_format:219
#   throw new ERR_UNKNOWN_FILE_EXTENSION(ext, filepath);
#         ^
# TypeError [ERR_UNKNOWN_FILE_EXTENSION]: Unknown file extension ".ts" for /home/user/Dev/PyPeTTa1/PeTTa/ai-tmp/wt-merge/extensions/node/test/live-parity.test.ts
#     at Object.getFileProtocolModuleFormat [as file:] (node:internal/modules/esm/get_format:219:9)
#     at defaultGetFormat (node:internal/modules/esm/get_format:245:36)
#     at defaultLoad (node:internal/modules/esm/load:98:16)
#     at ModuleLoader.load (node:internal/modules/esm/loader:815:12)
#     at ModuleLoader.loadAndTranslate (node:internal/modules/esm/loader:594:31)
#     at \#createModuleJob (node:internal/modules/esm/loader:624:36)
#     at \#getJobFromResolveResult (node:internal/modules/esm/loader:343:34)
#     at ModuleLoader.getModuleJobForImport (node:internal/modules/esm/loader:311:41)
#     at async onImport.tracePromise.__proto__ (node:internal/modules/esm/loader:664:25) {
#   code: 'ERR_UNKNOWN_FILE_EXTENSION'
# }
# Node.js v22.22.1
# Subtest: test/live-parity.test.ts
not ok 20 - test/live-parity.test.ts
  ---
  duration_ms: 118.65134
  type: 'test'
  location: '/home/user/Dev/PyPeTTa1/PeTTa/ai-tmp/wt-merge/extensions/node/test/live-parity.test.ts:1:1'
  failureType: 'testCodeFailure'
  exitCode: 1
  signal: ~
  error: 'test failed'
  code: 'ERR_TEST_FAILURE'
  ...
# node:internal/modules/esm/get_format:219
#   throw new ERR_UNKNOWN_FILE_EXTENSION(ext, filepath);
#         ^
# TypeError [ERR_UNKNOWN_FILE_EXTENSION]: Unknown file extension ".ts" for /home/user/Dev/PyPeTTa1/PeTTa/ai-tmp/wt-merge/extensions/node/test/matching.test.ts
#     at Object.getFileProtocolModuleFormat [as file:] (node:internal/modules/esm/get_format:219:9)
#     at defaultGetFormat (node:internal/modules/esm/get_format:245:36)
#     at defaultLoad (node:internal/modules/esm/load:98:16)
#     at ModuleLoader.load (node:internal/modules/esm/loader:815:12)
#     at ModuleLoader.loadAndTranslate (node:internal/modules/esm/loader:594:31)
#     at \#createModuleJob (node:internal/modules/esm/loader:624:36)
#     at \#getJobFromResolveResult (node:internal/modules/esm/loader:343:34)
#     at ModuleLoader.getModuleJobForImport (node:internal/modules/esm/loader:311:41)
#     at async onImport.tracePromise.__proto__ (node:internal/modules/esm/loader:664:25) {
#   code: 'ERR_UNKNOWN_FILE_EXTENSION'
# }
# Node.js v22.22.1
# Subtest: test/matching.test.ts
not ok 21 - test/matching.test.ts
  ---
  duration_ms: 117.581513
  type: 'test'
  location: '/home/user/Dev/PyPeTTa1/PeTTa/ai-tmp/wt-merge/extensions/node/test/matching.test.ts:1:1'
  failureType: 'testCodeFailure'
  exitCode: 1
  signal: ~
  error: 'test failed'
  code: 'ERR_TEST_FAILURE'
  ...
# node:internal/modules/esm/get_format:219
#   throw new ERR_UNKNOWN_FILE_EXTENSION(ext, filepath);
#         ^
# TypeError [ERR_UNKNOWN_FILE_EXTENSION]: Unknown file extension ".ts" for /home/user/Dev/PyPeTTa1/PeTTa/ai-tmp/wt-merge/extensions/node/test/naming.test.ts
#     at Object.getFileProtocolModuleFormat [as file:] (node:internal/modules/esm/get_format:219:9)
#     at defaultGetFormat (node:internal/modules/esm/get_format:245:36)
#     at defaultLoad (node:internal/modules/esm/load:98:16)
#     at ModuleLoader.load (node:internal/modules/esm/loader:815:12)
#     at ModuleLoader.loadAndTranslate (node:internal/modules/esm/loader:594:31)
#     at \#createModuleJob (node:internal/modules/esm/loader:624:36)
#     at \#getJobFromResolveResult (node:internal/modules/esm/loader:343:34)
#     at ModuleLoader.getModuleJobForImport (node:internal/modules/esm/loader:311:41)
#     at async onImport.tracePromise.__proto__ (node:internal/modules/esm/loader:664:25) {
#   code: 'ERR_UNKNOWN_FILE_EXTENSION'
# }
# Node.js v22.22.1
# Subtest: test/naming.test.ts
not ok 22 - test/naming.test.ts
  ---
  duration_ms: 115.455299
  type: 'test'
  location: '/home/user/Dev/PyPeTTa1/PeTTa/ai-tmp/wt-merge/extensions/node/test/naming.test.ts:1:1'
  failureType: 'testCodeFailure'
  exitCode: 1
  signal: ~
  error: 'test failed'
  code: 'ERR_TEST_FAILURE'
  ...
# node:internal/modules/esm/get_format:219
#   throw new ERR_UNKNOWN_FILE_EXTENSION(ext, filepath);
#         ^
# TypeError [ERR_UNKNOWN_FILE_EXTENSION]: Unknown file extension ".ts" for /home/user/Dev/PyPeTTa1/PeTTa/ai-tmp/wt-merge/extensions/node/test/occurrence-tokens.test.ts
#     at Object.getFileProtocolModuleFormat [as file:] (node:internal/modules/esm/get_format:219:9)
#     at defaultGetFormat (node:internal/modules/esm/get_format:245:36)
#     at defaultLoad (node:internal/modules/esm/load:98:16)
#     at ModuleLoader.load (node:internal/modules/esm/loader:815:12)
#     at ModuleLoader.loadAndTranslate (node:internal/modules/esm/loader:594:31)
#     at \#createModuleJob (node:internal/modules/esm/loader:624:36)
#     at \#getJobFromResolveResult (node:internal/modules/esm/loader:343:34)
#     at ModuleLoader.getModuleJobForImport (node:internal/modules/esm/loader:311:41)
#     at async onImport.tracePromise.__proto__ (node:internal/modules/esm/loader:664:25) {
#   code: 'ERR_UNKNOWN_FILE_EXTENSION'
# }
# Node.js v22.22.1
# Subtest: test/occurrence-tokens.test.ts
not ok 23 - test/occurrence-tokens.test.ts
  ---
  duration_ms: 114.236053
  type: 'test'
  location: '/home/user/Dev/PyPeTTa1/PeTTa/ai-tmp/wt-merge/extensions/node/test/occurrence-tokens.test.ts:1:1'
  failureType: 'testCodeFailure'
  exitCode: 1
  signal: ~
  error: 'test failed'
  code: 'ERR_TEST_FAILURE'
  ...
# node:internal/modules/esm/get_format:219
#   throw new ERR_UNKNOWN_FILE_EXTENSION(ext, filepath);
#         ^
# TypeError [ERR_UNKNOWN_FILE_EXTENSION]: Unknown file extension ".ts" for /home/user/Dev/PyPeTTa1/PeTTa/ai-tmp/wt-merge/extensions/node/test/parallel.test.ts
#     at Object.getFileProtocolModuleFormat [as file:] (node:internal/modules/esm/get_format:219:9)
#     at defaultGetFormat (node:internal/modules/esm/get_format:245:36)
#     at defaultLoad (node:internal/modules/esm/load:98:16)
#     at ModuleLoader.load (node:internal/modules/esm/loader:815:12)
#     at ModuleLoader.loadAndTranslate (node:internal/modules/esm/loader:594:31)
#     at \#createModuleJob (node:internal/modules/esm/loader:624:36)
#     at \#getJobFromResolveResult (node:internal/modules/esm/loader:343:34)
#     at ModuleLoader.getModuleJobForImport (node:internal/modules/esm/loader:311:41)
#     at async onImport.tracePromise.__proto__ (node:internal/modules/esm/loader:664:25) {
#   code: 'ERR_UNKNOWN_FILE_EXTENSION'
# }
# Node.js v22.22.1
# Subtest: test/parallel.test.ts
not ok 24 - test/parallel.test.ts
  ---
  duration_ms: 111.47944
  type: 'test'
  location: '/home/user/Dev/PyPeTTa1/PeTTa/ai-tmp/wt-merge/extensions/node/test/parallel.test.ts:1:1'
  failureType: 'testCodeFailure'
  exitCode: 1
  signal: ~
  error: 'test failed'
  code: 'ERR_TEST_FAILURE'
  ...
# node:internal/modules/esm/get_format:219
#   throw new ERR_UNKNOWN_FILE_EXTENSION(ext, filepath);
#         ^
# TypeError [ERR_UNKNOWN_FILE_EXTENSION]: Unknown file extension ".ts" for /home/user/Dev/PyPeTTa1/PeTTa/ai-tmp/wt-merge/extensions/node/test/provider.test.ts
#     at Object.getFileProtocolModuleFormat [as file:] (node:internal/modules/esm/get_format:219:9)
#     at defaultGetFormat (node:internal/modules/esm/get_format:245:36)
#     at defaultLoad (node:internal/modules/esm/load:98:16)
#     at ModuleLoader.load (node:internal/modules/esm/loader:815:12)
#     at ModuleLoader.loadAndTranslate (node:internal/modules/esm/loader:594:31)
#     at \#createModuleJob (node:internal/modules/esm/loader:624:36)
#     at \#getJobFromResolveResult (node:internal/modules/esm/loader:343:34)
#     at ModuleLoader.getModuleJobForImport (node:internal/modules/esm/loader:311:41)
#     at async onImport.tracePromise.__proto__ (node:internal/modules/esm/loader:664:25) {
#   code: 'ERR_UNKNOWN_FILE_EXTENSION'
# }
# Node.js v22.22.1
# Subtest: test/provider.test.ts
not ok 25 - test/provider.test.ts
  ---
  duration_ms: 110.100914
  type: 'test'
  location: '/home/user/Dev/PyPeTTa1/PeTTa/ai-tmp/wt-merge/extensions/node/test/provider.test.ts:1:1'
  failureType: 'testCodeFailure'
  exitCode: 1
  signal: ~
  error: 'test failed'
  code: 'ERR_TEST_FAILURE'
  ...
# node:internal/modules/esm/get_format:219
#   throw new ERR_UNKNOWN_FILE_EXTENSION(ext, filepath);
#         ^
# TypeError [ERR_UNKNOWN_FILE_EXTENSION]: Unknown file extension ".ts" for /home/user/Dev/PyPeTTa1/PeTTa/ai-tmp/wt-merge/extensions/node/test/readme.test.ts
#     at Object.getFileProtocolModuleFormat [as file:] (node:internal/modules/esm/get_format:219:9)
#     at defaultGetFormat (node:internal/modules/esm/get_format:245:36)
#     at defaultLoad (node:internal/modules/esm/load:98:16)
#     at ModuleLoader.load (node:internal/modules/esm/loader:815:12)
#     at ModuleLoader.loadAndTranslate (node:internal/modules/esm/loader:594:31)
#     at \#createModuleJob (node:internal/modules/esm/loader:624:36)
#     at \#getJobFromResolveResult (node:internal/modules/esm/loader:343:34)
#     at ModuleLoader.getModuleJobForImport (node:internal/modules/esm/loader:311:41)
#     at async onImport.tracePromise.__proto__ (node:internal/modules/esm/loader:664:25) {
#   code: 'ERR_UNKNOWN_FILE_EXTENSION'
# }
# Node.js v22.22.1
# Subtest: test/readme.test.ts
not ok 26 - test/readme.test.ts
  ---
  duration_ms: 106.588244
  type: 'test'
  location: '/home/user/Dev/PyPeTTa1/PeTTa/ai-tmp/wt-merge/extensions/node/test/readme.test.ts:1:1'
  failureType: 'testCodeFailure'
  exitCode: 1
  signal: ~
  error: 'test failed'
  code: 'ERR_TEST_FAILURE'
  ...
# node:internal/modules/esm/get_format:219
#   throw new ERR_UNKNOWN_FILE_EXTENSION(ext, filepath);
#         ^
# TypeError [ERR_UNKNOWN_FILE_EXTENSION]: Unknown file extension ".ts" for /home/user/Dev/PyPeTTa1/PeTTa/ai-tmp/wt-merge/extensions/node/test/reflection.test.ts
#     at Object.getFileProtocolModuleFormat [as file:] (node:internal/modules/esm/get_format:219:9)
#     at defaultGetFormat (node:internal/modules/esm/get_format:245:36)
#     at defaultLoad (node:internal/modules/esm/load:98:16)
#     at ModuleLoader.load (node:internal/modules/esm/loader:815:12)
#     at ModuleLoader.loadAndTranslate (node:internal/modules/esm/loader:594:31)
#     at \#createModuleJob (node:internal/modules/esm/loader:624:36)
#     at \#getJobFromResolveResult (node:internal/modules/esm/loader:343:34)
#     at ModuleLoader.getModuleJobForImport (node:internal/modules/esm/loader:311:41)
#     at async onImport.tracePromise.__proto__ (node:internal/modules/esm/loader:664:25) {
#   code: 'ERR_UNKNOWN_FILE_EXTENSION'
# }
# Node.js v22.22.1
# Subtest: test/reflection.test.ts
not ok 27 - test/reflection.test.ts
  ---
  duration_ms: 113.053166
  type: 'test'
  location: '/home/user/Dev/PyPeTTa1/PeTTa/ai-tmp/wt-merge/extensions/node/test/reflection.test.ts:1:1'
  failureType: 'testCodeFailure'
  exitCode: 1
  signal: ~
  error: 'test failed'
  code: 'ERR_TEST_FAILURE'
  ...
# node:internal/modules/esm/get_format:219
#   throw new ERR_UNKNOWN_FILE_EXTENSION(ext, filepath);
#         ^
# TypeError [ERR_UNKNOWN_FILE_EXTENSION]: Unknown file extension ".ts" for /home/user/Dev/PyPeTTa1/PeTTa/ai-tmp/wt-merge/extensions/node/test/remote.test.ts
#     at Object.getFileProtocolModuleFormat [as file:] (node:internal/modules/esm/get_format:219:9)
#     at defaultGetFormat (node:internal/modules/esm/get_format:245:36)
#     at defaultLoad (node:internal/modules/esm/load:98:16)
#     at ModuleLoader.load (node:internal/modules/esm/loader:815:12)
#     at ModuleLoader.loadAndTranslate (node:internal/modules/esm/loader:594:31)
#     at \#createModuleJob (node:internal/modules/esm/loader:624:36)
#     at \#getJobFromResolveResult (node:internal/modules/esm/loader:343:34)
#     at ModuleLoader.getModuleJobForImport (node:internal/modules/esm/loader:311:41)
#     at async onImport.tracePromise.__proto__ (node:internal/modules/esm/loader:664:25) {
#   code: 'ERR_UNKNOWN_FILE_EXTENSION'
# }
# Node.js v22.22.1
# Subtest: test/remote.test.ts
not ok 28 - test/remote.test.ts
  ---
  duration_ms: 109.413496
  type: 'test'
  location: '/home/user/Dev/PyPeTTa1/PeTTa/ai-tmp/wt-merge/extensions/node/test/remote.test.ts:1:1'
  failureType: 'testCodeFailure'
  exitCode: 1
  signal: ~
  error: 'test failed'
  code: 'ERR_TEST_FAILURE'
  ...
# node:internal/modules/esm/get_format:219
#   throw new ERR_UNKNOWN_FILE_EXTENSION(ext, filepath);
#         ^
# TypeError [ERR_UNKNOWN_FILE_EXTENSION]: Unknown file extension ".ts" for /home/user/Dev/PyPeTTa1/PeTTa/ai-tmp/wt-merge/extensions/node/test/saga.test.ts
#     at Object.getFileProtocolModuleFormat [as file:] (node:internal/modules/esm/get_format:219:9)
#     at defaultGetFormat (node:internal/modules/esm/get_format:245:36)
#     at defaultLoad (node:internal/modules/esm/load:98:16)
#     at ModuleLoader.load (node:internal/modules/esm/loader:815:12)
#     at ModuleLoader.loadAndTranslate (node:internal/modules/esm/loader:594:31)
#     at \#createModuleJob (node:internal/modules/esm/loader:624:36)
#     at \#getJobFromResolveResult (node:internal/modules/esm/loader:343:34)
#     at ModuleLoader.getModuleJobForImport (node:internal/modules/esm/loader:311:41)
#     at async onImport.tracePromise.__proto__ (node:internal/modules/esm/loader:664:25) {
#   code: 'ERR_UNKNOWN_FILE_EXTENSION'
# }
# Node.js v22.22.1
# Subtest: test/saga.test.ts
not ok 29 - test/saga.test.ts
  ---
  duration_ms: 107.78525
  type: 'test'
  location: '/home/user/Dev/PyPeTTa1/PeTTa/ai-tmp/wt-merge/extensions/node/test/saga.test.ts:1:1'
  failureType: 'testCodeFailure'
  exitCode: 1
  signal: ~
  error: 'test failed'
  code: 'ERR_TEST_FAILURE'
  ...
# node:internal/modules/esm/get_format:219
#   throw new ERR_UNKNOWN_FILE_EXTENSION(ext, filepath);
#         ^
# TypeError [ERR_UNKNOWN_FILE_EXTENSION]: Unknown file extension ".ts" for /home/user/Dev/PyPeTTa1/PeTTa/ai-tmp/wt-merge/extensions/node/test/satellites.test.ts
#     at Object.getFileProtocolModuleFormat [as file:] (node:internal/modules/esm/get_format:219:9)
#     at defaultGetFormat (node:internal/modules/esm/get_format:245:36)
#     at defaultLoad (node:internal/modules/esm/load:98:16)
#     at ModuleLoader.load (node:internal/modules/esm/loader:815:12)
#     at ModuleLoader.loadAndTranslate (node:internal/modules/esm/loader:594:31)
#     at \#createModuleJob (node:internal/modules/esm/loader:624:36)
#     at \#getJobFromResolveResult (node:internal/modules/esm/loader:343:34)
#     at ModuleLoader.getModuleJobForImport (node:internal/modules/esm/loader:311:41)
#     at async onImport.tracePromise.__proto__ (node:internal/modules/esm/loader:664:25) {
#   code: 'ERR_UNKNOWN_FILE_EXTENSION'
# }
# Node.js v22.22.1
# Subtest: test/satellites.test.ts
not ok 30 - test/satellites.test.ts
  ---
  duration_ms: 94.528077
  type: 'test'
  location: '/home/user/Dev/PyPeTTa1/PeTTa/ai-tmp/wt-merge/extensions/node/test/satellites.test.ts:1:1'
  failureType: 'testCodeFailure'
  exitCode: 1
  signal: ~
  error: 'test failed'
  code: 'ERR_TEST_FAILURE'
  ...
# node:internal/modules/esm/get_format:219
#   throw new ERR_UNKNOWN_FILE_EXTENSION(ext, filepath);
#         ^
# TypeError [ERR_UNKNOWN_FILE_EXTENSION]: Unknown file extension ".ts" for /home/user/Dev/PyPeTTa1/PeTTa/ai-tmp/wt-merge/extensions/node/test/seam.test.ts
#     at Object.getFileProtocolModuleFormat [as file:] (node:internal/modules/esm/get_format:219:9)
#     at defaultGetFormat (node:internal/modules/esm/get_format:245:36)
#     at defaultLoad (node:internal/modules/esm/load:98:16)
#     at ModuleLoader.load (node:internal/modules/esm/loader:815:12)
#     at ModuleLoader.loadAndTranslate (node:internal/modules/esm/loader:594:31)
#     at \#createModuleJob (node:internal/modules/esm/loader:624:36)
#     at \#getJobFromResolveResult (node:internal/modules/esm/loader:343:34)
#     at ModuleLoader.getModuleJobForImport (node:internal/modules/esm/loader:311:41)
#     at async onImport.tracePromise.__proto__ (node:internal/modules/esm/loader:664:25) {
#   code: 'ERR_UNKNOWN_FILE_EXTENSION'
# }
# Node.js v22.22.1
# Subtest: test/seam.test.ts
not ok 31 - test/seam.test.ts
  ---
  duration_ms: 106.608934
  type: 'test'
  location: '/home/user/Dev/PyPeTTa1/PeTTa/ai-tmp/wt-merge/extensions/node/test/seam.test.ts:1:1'
  failureType: 'testCodeFailure'
  exitCode: 1
  signal: ~
  error: 'test failed'
  code: 'ERR_TEST_FAILURE'
  ...
# node:internal/modules/esm/get_format:219
#   throw new ERR_UNKNOWN_FILE_EXTENSION(ext, filepath);
#         ^
# TypeError [ERR_UNKNOWN_FILE_EXTENSION]: Unknown file extension ".ts" for /home/user/Dev/PyPeTTa1/PeTTa/ai-tmp/wt-merge/extensions/node/test/subscribe.test.ts
#     at Object.getFileProtocolModuleFormat [as file:] (node:internal/modules/esm/get_format:219:9)
#     at defaultGetFormat (node:internal/modules/esm/get_format:245:36)
#     at defaultLoad (node:internal/modules/esm/load:98:16)
#     at ModuleLoader.load (node:internal/modules/esm/loader:815:12)
#     at ModuleLoader.loadAndTranslate (node:internal/modules/esm/loader:594:31)
#     at \#createModuleJob (node:internal/modules/esm/loader:624:36)
#     at \#getJobFromResolveResult (node:internal/modules/esm/loader:343:34)
#     at ModuleLoader.getModuleJobForImport (node:internal/modules/esm/loader:311:41)
#     at async onImport.tracePromise.__proto__ (node:internal/modules/esm/loader:664:25) {
#   code: 'ERR_UNKNOWN_FILE_EXTENSION'
# }
# Node.js v22.22.1
# Subtest: test/subscribe.test.ts
not ok 32 - test/subscribe.test.ts
  ---
  duration_ms: 95.991843
  type: 'test'
  location: '/home/user/Dev/PyPeTTa1/PeTTa/ai-tmp/wt-merge/extensions/node/test/subscribe.test.ts:1:1'
  failureType: 'testCodeFailure'
  exitCode: 1
  signal: ~
  error: 'test failed'
  code: 'ERR_TEST_FAILURE'
  ...
# node:internal/modules/esm/get_format:219
#   throw new ERR_UNKNOWN_FILE_EXTENSION(ext, filepath);
#         ^
# TypeError [ERR_UNKNOWN_FILE_EXTENSION]: Unknown file extension ".ts" for /home/user/Dev/PyPeTTa1/PeTTa/ai-tmp/wt-merge/extensions/node/test/surface.test.ts
#     at Object.getFileProtocolModuleFormat [as file:] (node:internal/modules/esm/get_format:219:9)
#     at defaultGetFormat (node:internal/modules/esm/get_format:245:36)
#     at defaultLoad (node:internal/modules/esm/load:98:16)
#     at ModuleLoader.load (node:internal/modules/esm/loader:815:12)
#     at ModuleLoader.loadAndTranslate (node:internal/modules/esm/loader:594:31)
#     at \#createModuleJob (node:internal/modules/esm/loader:624:36)
#     at \#getJobFromResolveResult (node:internal/modules/esm/loader:343:34)
#     at ModuleLoader.getModuleJobForImport (node:internal/modules/esm/loader:311:41)
#     at async onImport.tracePromise.__proto__ (node:internal/modules/esm/loader:664:25) {
#   code: 'ERR_UNKNOWN_FILE_EXTENSION'
# }
# Node.js v22.22.1
# Subtest: test/surface.test.ts
not ok 33 - test/surface.test.ts
  ---
  duration_ms: 105.555437
  type: 'test'
  location: '/home/user/Dev/PyPeTTa1/PeTTa/ai-tmp/wt-merge/extensions/node/test/surface.test.ts:1:1'
  failureType: 'testCodeFailure'
  exitCode: 1
  signal: ~
  error: 'test failed'
  code: 'ERR_TEST_FAILURE'
  ...
# node:internal/modules/esm/get_format:219
#   throw new ERR_UNKNOWN_FILE_EXTENSION(ext, filepath);
#         ^
# TypeError [ERR_UNKNOWN_FILE_EXTENSION]: Unknown file extension ".ts" for /home/user/Dev/PyPeTTa1/PeTTa/ai-tmp/wt-merge/extensions/node/test/surface2.test.ts
#     at Object.getFileProtocolModuleFormat [as file:] (node:internal/modules/esm/get_format:219:9)
#     at defaultGetFormat (node:internal/modules/esm/get_format:245:36)
#     at defaultLoad (node:internal/modules/esm/load:98:16)
#     at ModuleLoader.load (node:internal/modules/esm/loader:815:12)
#     at ModuleLoader.loadAndTranslate (node:internal/modules/esm/loader:594:31)
#     at \#createModuleJob (node:internal/modules/esm/loader:624:36)
#     at \#getJobFromResolveResult (node:internal/modules/esm/loader:343:34)
#     at ModuleLoader.getModuleJobForImport (node:internal/modules/esm/loader:311:41)
#     at async onImport.tracePromise.__proto__ (node:internal/modules/esm/loader:664:25) {
#   code: 'ERR_UNKNOWN_FILE_EXTENSION'
# }
# Node.js v22.22.1
# Subtest: test/surface2.test.ts
not ok 34 - test/surface2.test.ts
  ---
  duration_ms: 98.924765
  type: 'test'
  location: '/home/user/Dev/PyPeTTa1/PeTTa/ai-tmp/wt-merge/extensions/node/test/surface2.test.ts:1:1'
  failureType: 'testCodeFailure'
  exitCode: 1
  signal: ~
  error: 'test failed'
  code: 'ERR_TEST_FAILURE'
  ...
# node:internal/modules/esm/get_format:219
#   throw new ERR_UNKNOWN_FILE_EXTENSION(ext, filepath);
#         ^
# TypeError [ERR_UNKNOWN_FILE_EXTENSION]: Unknown file extension ".ts" for /home/user/Dev/PyPeTTa1/PeTTa/ai-tmp/wt-merge/extensions/node/test/testing.test.ts
#     at Object.getFileProtocolModuleFormat [as file:] (node:internal/modules/esm/get_format:219:9)
#     at defaultGetFormat (node:internal/modules/esm/get_format:245:36)
#     at defaultLoad (node:internal/modules/esm/load:98:16)
#     at ModuleLoader.load (node:internal/modules/esm/loader:815:12)
#     at ModuleLoader.loadAndTranslate (node:internal/modules/esm/loader:594:31)
#     at \#createModuleJob (node:internal/modules/esm/loader:624:36)
#     at \#getJobFromResolveResult (node:internal/modules/esm/loader:343:34)
#     at ModuleLoader.getModuleJobForImport (node:internal/modules/esm/loader:311:41)
#     at async onImport.tracePromise.__proto__ (node:internal/modules/esm/loader:664:25) {
#   code: 'ERR_UNKNOWN_FILE_EXTENSION'
# }
# Node.js v22.22.1
# Subtest: test/testing.test.ts
not ok 35 - test/testing.test.ts
  ---
  duration_ms: 94.659857
  type: 'test'
  location: '/home/user/Dev/PyPeTTa1/PeTTa/ai-tmp/wt-merge/extensions/node/test/testing.test.ts:1:1'
  failureType: 'testCodeFailure'
  exitCode: 1
  signal: ~
  error: 'test failed'
  code: 'ERR_TEST_FAILURE'
  ...
# node:internal/modules/esm/get_format:219
#   throw new ERR_UNKNOWN_FILE_EXTENSION(ext, filepath);
#         ^
# TypeError [ERR_UNKNOWN_FILE_EXTENSION]: Unknown file extension ".ts" for /home/user/Dev/PyPeTTa1/PeTTa/ai-tmp/wt-merge/extensions/node/test/types.test.ts
#     at Object.getFileProtocolModuleFormat [as file:] (node:internal/modules/esm/get_format:219:9)
#     at defaultGetFormat (node:internal/modules/esm/get_format:245:36)
#     at defaultLoad (node:internal/modules/esm/load:98:16)
#     at ModuleLoader.load (node:internal/modules/esm/loader:815:12)
#     at ModuleLoader.loadAndTranslate (node:internal/modules/esm/loader:594:31)
#     at \#createModuleJob (node:internal/modules/esm/loader:624:36)
#     at \#getJobFromResolveResult (node:internal/modules/esm/loader:343:34)
#     at ModuleLoader.getModuleJobForImport (node:internal/modules/esm/loader:311:41)
#     at async onImport.tracePromise.__proto__ (node:internal/modules/esm/loader:664:25) {
#   code: 'ERR_UNKNOWN_FILE_EXTENSION'
# }
# Node.js v22.22.1
# Subtest: test/types.test.ts
not ok 36 - test/types.test.ts
  ---
  duration_ms: 90.802758
  type: 'test'
  location: '/home/user/Dev/PyPeTTa1/PeTTa/ai-tmp/wt-merge/extensions/node/test/types.test.ts:1:1'
  failureType: 'testCodeFailure'
  exitCode: 1
  signal: ~
  error: 'test failed'
  code: 'ERR_TEST_FAILURE'
  ...
# node:internal/modules/esm/get_format:219
#   throw new ERR_UNKNOWN_FILE_EXTENSION(ext, filepath);
#         ^
# TypeError [ERR_UNKNOWN_FILE_EXTENSION]: Unknown file extension ".ts" for /home/user/Dev/PyPeTTa1/PeTTa/ai-tmp/wt-merge/extensions/node/test/vocabularies.test.ts
#     at Object.getFileProtocolModuleFormat [as file:] (node:internal/modules/esm/get_format:219:9)
#     at defaultGetFormat (node:internal/modules/esm/get_format:245:36)
#     at defaultLoad (node:internal/modules/esm/load:98:16)
#     at ModuleLoader.load (node:internal/modules/esm/loader:815:12)
#     at ModuleLoader.loadAndTranslate (node:internal/modules/esm/loader:594:31)
#     at \#createModuleJob (node:internal/modules/esm/loader:624:36)
#     at \#getJobFromResolveResult (node:internal/modules/esm/loader:343:34)
#     at ModuleLoader.getModuleJobForImport (node:internal/modules/esm/loader:311:41)
#     at async onImport.tracePromise.__proto__ (node:internal/modules/esm/loader:664:25) {
#   code: 'ERR_UNKNOWN_FILE_EXTENSION'
# }
# Node.js v22.22.1
# Subtest: test/vocabularies.test.ts
not ok 37 - test/vocabularies.test.ts
  ---
  duration_ms: 75.52185
  type: 'test'
  location: '/home/user/Dev/PyPeTTa1/PeTTa/ai-tmp/wt-merge/extensions/node/test/vocabularies.test.ts:1:1'
  failureType: 'testCodeFailure'
  exitCode: 1
  signal: ~
  error: 'test failed'
  code: 'ERR_TEST_FAILURE'
  ...
# node:internal/modules/esm/get_format:219
#   throw new ERR_UNKNOWN_FILE_EXTENSION(ext, filepath);
#         ^
# TypeError [ERR_UNKNOWN_FILE_EXTENSION]: Unknown file extension ".ts" for /home/user/Dev/PyPeTTa1/PeTTa/ai-tmp/wt-merge/extensions/node/test/wire.test.ts
#     at Object.getFileProtocolModuleFormat [as file:] (node:internal/modules/esm/get_format:219:9)
#     at defaultGetFormat (node:internal/modules/esm/get_format:245:36)
#     at defaultLoad (node:internal/modules/esm/load:98:16)
#     at ModuleLoader.load (node:internal/modules/esm/loader:815:12)
#     at ModuleLoader.loadAndTranslate (node:internal/modules/esm/loader:594:31)
#     at \#createModuleJob (node:internal/modules/esm/loader:624:36)
#     at \#getJobFromResolveResult (node:internal/modules/esm/loader:343:34)
#     at ModuleLoader.getModuleJobForImport (node:internal/modules/esm/loader:311:41)
#     at async onImport.tracePromise.__proto__ (node:internal/modules/esm/loader:664:25) {
#   code: 'ERR_UNKNOWN_FILE_EXTENSION'
# }
# Node.js v22.22.1
# Subtest: test/wire.test.ts
not ok 38 - test/wire.test.ts
  ---
  duration_ms: 85.250713
  type: 'test'
  location: '/home/user/Dev/PyPeTTa1/PeTTa/ai-tmp/wt-merge/extensions/node/test/wire.test.ts:1:1'
  failureType: 'testCodeFailure'
  exitCode: 1
  signal: ~
  error: 'test failed'
  code: 'ERR_TEST_FAILURE'
  ...
# node:internal/modules/esm/get_format:219
#   throw new ERR_UNKNOWN_FILE_EXTENSION(ext, filepath);
#         ^
# TypeError [ERR_UNKNOWN_FILE_EXTENSION]: Unknown file extension ".ts" for /home/user/Dev/PyPeTTa1/PeTTa/ai-tmp/wt-merge/extensions/node/test/words.test.ts
#     at Object.getFileProtocolModuleFormat [as file:] (node:internal/modules/esm/get_format:219:9)
#     at defaultGetFormat (node:internal/modules/esm/get_format:245:36)
#     at defaultLoad (node:internal/modules/esm/load:98:16)
#     at ModuleLoader.load (node:internal/modules/esm/loader:815:12)
#     at ModuleLoader.loadAndTranslate (node:internal/modules/esm/loader:594:31)
#     at \#createModuleJob (node:internal/modules/esm/loader:624:36)
#     at \#getJobFromResolveResult (node:internal/modules/esm/loader:343:34)
#     at ModuleLoader.getModuleJobForImport (node:internal/modules/esm/loader:311:41)
#     at async onImport.tracePromise.__proto__ (node:internal/modules/esm/loader:664:25) {
#   code: 'ERR_UNKNOWN_FILE_EXTENSION'
# }
# Node.js v22.22.1
# Subtest: test/words.test.ts
not ok 39 - test/words.test.ts
  ---
  duration_ms: 68.50791
  type: 'test'
  location: '/home/user/Dev/PyPeTTa1/PeTTa/ai-tmp/wt-merge/extensions/node/test/words.test.ts:1:1'
  failureType: 'testCodeFailure'
  exitCode: 1
  signal: ~
  error: 'test failed'
  code: 'ERR_TEST_FAILURE'
  ...
1..39
# tests 39
# suites 0
# pass 0
# fail 39
# cancelled 0
# skipped 0
# todo 0
# duration_ms 239.444065
